exports[`Action::Kiosk #addError() matches the snapshot 1`] = `
Object {
  "error": Object {
    "code": "500",
    "message": "Error",
  },
  "type": "ADD_ERROR",
}
`;

exports[`Action::Kiosk #scrollToSlide() matches the snapshot 1`] = `
Object {
  "index": 1,
  "type": "SCROLL_TO_SLIDE",
}
`;

exports[`Action::Kiosk #setKiosk() matches the snapshot 1`] = `
Object {
  "kiosk": Object {
    "type": "touch",
    "url": "/url/to/action",
  },
  "type": "SET_KIOSK",
}
`;

exports[`Action::Kiosk #setSlides() matches the snapshot 1`] = `
Object {
  "kiosk": Object {
    "slides": Array [
      Array [
        Object {
          "caption": "Slide.caption",
          "created_at": "2000-12-31T11:59:59Z",
          "expires_at": "2020-12-31T23:59:59Z",
          "id": 1,
          "image_url": "/uploads/default_slide_1.png",
          "kiosk": "Kiosk.name",
          "slide_type": "SlideType.name",
          "title": "Slide.title",
          "updated_at": "2000-12-31T23:59:59Z",
        },
        Object {
          "caption": "Slide.caption:2",
          "created_at": "2000-11-11T11:00:00Z",
          "expires_at": "2010-11-11T13:00:00Z",
          "id": 2,
          "image_url": "/uploads/default_slide_2.png",
          "kiosk": "Kiosk.name:2",
          "slide_type": "SlideType.name:2",
          "title": "Slide.title:2",
          "updated_at": "2000-11-11T13:00:00Z",
        },
      ],
    ],
  },
  "type": "SET_SLIDES",
}
`;
