exports[`Snapshot should match the cached snapshot 1`] = `
<div
  id="error">
  <span>
    Error
  </span>
</div>
`;
